OverrideNo.java:16:5: compiler.err.method.does.not.override.superclass: f()
1 error
