Private.java:14:5: compiler.err.method.does.not.override.superclass: m()
1 error
