ResultTypeNotBeingCapturedTest.java:43:32: compiler.err.cant.resolve.location: kindname.variable, Main, , , (compiler.misc.location: kindname.class, ResultTypeNotBeingCapturedTest, null)
ResultTypeNotBeingCapturedTest.java:47:31: compiler.err.prob.found.req: (compiler.misc.inconvertible.types: ResultTypeNotBeingCapturedTest.X<ResultTypeNotBeingCapturedTest.X<compiler.misc.type.captureof: 1, ?>>, java.lang.String)
2 errors
